Seed 11: feature epoch 120; MAP alpha 0.1, Laplace alpha 1
Seed 22: feature epoch 120; MAP alpha 0.1, Laplace alpha 1
Seed 33: feature epoch 120; MAP alpha 1, Laplace alpha 1
{
  "Gaussian NB": {
    "accuracy": {
      "mean": 0.9194444444444444,
      "sd": null
    },
    "macro_f1": {
      "mean": 0.920200039955537,
      "sd": null
    },
    "macro_precision": {
      "mean": 0.9242642276698003,
      "sd": null
    },
    "macro_recall": {
      "mean": 0.9197061347061346,
      "sd": null
    },
    "nll": {
      "mean": 0.6295857788359301,
      "sd": null
    },
    "brier": {
      "mean": 0.13371351684738803,
      "sd": null
    },
    "ece": {
      "mean": 0.06333158042583954,
      "sd": null
    },
    "runs": 1
  },
  "MAP": {
    "accuracy": {
      "mean": 0.9777777777777777,
      "sd": 0.002777777777777768
    },
    "macro_f1": {
      "mean": 0.9776403165907513,
      "sd": 0.0028607533793973167
    },
    "macro_precision": {
      "mean": 0.9784523360551111,
      "sd": 0.002288857842292692
    },
    "macro_recall": {
      "mean": 0.9775604175604174,
      "sd": 0.0028989926847930235
    },
    "nll": {
      "mean": 0.09909232073795005,
      "sd": 0.0033566579888113677
    },
    "brier": {
      "mean": 0.03986029949587413,
      "sd": 0.002119437395269912
    },
    "ece": {
      "mean": 0.01722155677415252,
      "sd": 0.008197027561121617
    },
    "runs": 3
  },
  "Laplace": {
    "accuracy": {
      "mean": 0.9768518518518517,
      "sd": 0.0016037507477489547
    },
    "macro_f1": {
      "mean": 0.9766264446876279,
      "sd": 0.0017550347046810212
    },
    "macro_precision": {
      "mean": 0.977347832895371,
      "sd": 0.0013163749385504406
    },
    "macro_recall": {
      "mean": 0.9766080366080366,
      "sd": 0.001741689348659956
    },
    "nll": {
      "mean": 0.1508414144744621,
      "sd": 0.0027405409243824994
    },
    "brier": {
      "mean": 0.05469566731016268,
      "sd": 0.0009942935908776075
    },
    "ece": {
      "mean": 0.08009999000643131,
      "sd": 0.0028156373049434765
    },
    "runs": 3
  },
  "Matched MAP": {
    "accuracy": {
      "mean": 0.9768518518518517,
      "sd": 0.0016037507477489547
    },
    "macro_f1": {
      "mean": 0.9767267317730569,
      "sd": 0.001721045750736757
    },
    "macro_precision": {
      "mean": 0.9775988509910997,
      "sd": 0.0010871534411647226
    },
    "macro_recall": {
      "mean": 0.9766595166595167,
      "sd": 0.001784559712360057
    },
    "nll": {
      "mean": 0.09695191178072082,
      "sd": 0.002398906547929757
    },
    "brier": {
      "mean": 0.04111083447526939,
      "sd": 0.0010004213800164303
    },
    "ece": {
      "mean": 0.024739317548600582,
      "sd": 0.0017728971205737448
    },
    "runs": 3
  },
  "Diagonal Laplace": {
    "accuracy": {
      "mean": 0.9768518518518517,
      "sd": 0.0042431256434776144
    },
    "macro_f1": {
      "mean": 0.97666190663117,
      "sd": 0.004269959415330057
    },
    "macro_precision": {
      "mean": 0.9774544641284465,
      "sd": 0.0035974271653289253
    },
    "macro_recall": {
      "mean": 0.9766344916344915,
      "sd": 0.0043820834652128545
    },
    "nll": {
      "mean": 0.2289702786417198,
      "sd": 0.00019644239400501596
    },
    "brier": {
      "mean": 0.07890787195804076,
      "sd": 0.0006685043670434058
    },
    "ece": {
      "mean": 0.1473639272264405,
      "sd": 0.004910704069125317
    },
    "runs": 3
  }
}
